[CmdletBinding(PositionalBinding = $false)]
param()

function fixture {
  [CmdletBinding(PositionalBinding = $false)]
  param([Parameter(ValueFromRemainingArguments = $true)][string[]]$RemainingArgs)
  # Default layout expects module and executable to share a parent; set
  # ORTHOHELP_BIN_DIR to override when packaging installs them separately.
  $binRoot = if ($env:ORTHOHELP_BIN_DIR) { $env:ORTHOHELP_BIN_DIR } else { Join-Path $PSScriptRoot '..' 'bin' }
  $exe = Join-Path $binRoot 'fixture.exe'
  $exe = (Resolve-Path $exe).ProviderPath
  & $exe @RemainingArgs
  $global:LASTEXITCODE = $LASTEXITCODE
}

Set-Alias -Name 'fixture-help' -Value 'fixture'

$sb = {
  param($wordToComplete, $commandAst, $cursorPosition)
  # TODO: Replace this placeholder with native completions emitted by the executable.
  if ($wordToComplete) {
    [System.Management.Automation.CompletionResult]::new(
      $wordToComplete,
      $wordToComplete,
      'ParameterValue',
      $wordToComplete
    )
  }
}
$hasNative = (Get-Command Register-ArgumentCompleter).Parameters.ContainsKey('Native')
if ($hasNative) {
  Register-ArgumentCompleter -Native -CommandName 'fixture' -ScriptBlock $sb
} else {
  Register-ArgumentCompleter -CommandName 'fixture' -ScriptBlock $sb
}
