---
source: cargo-orthohelp/tests/golden/agent_context_tests.rs
assertion_line: 43
expression: snapshot
---
{
  "schema_version": "1",
  "kind": "orthohelp_fixture.agent_context",
  "package": "orthohelp_fixture",
  "commands": [
    {
      "path": [
        "simple_fixture"
      ],
      "summary": "Simple fixture configuration.",
      "canonical_verb": null,
      "inputs": [
        {
          "name": "host",
          "long": "host",
          "value_type": "string",
          "required": false,
          "default": "String::from(\"localhost\")",
          "enum_values": []
        },
        {
          "name": "is_dry_run",
          "long": "is-dry-run",
          "value_type": "bool",
          "required": false,
          "default": "false",
          "enum_values": []
        },
        {
          "name": "retries",
          "long": "retries",
          "value_type": "integer",
          "required": false,
          "default": "3",
          "enum_values": []
        }
      ],
      "output_modes": [],
      "interaction_mode": "unknown",
      "mutation_effect": "unknown",
      "async_submission": null,
      "delivery_route": null,
      "pagination": null,
      "examples": []
    }
  ],
  "profiles": {
    "supported": false
  },
  "feedback": {
    "supported": false
  },
  "policy": {
    "agent_native": "warn"
  }
}
